// Jest Snapshot v1, https://goo.gl/fbAQLP

exports[`<HeaderLogged /> should render HeaderLogged 1`] = `
<div class="flex items-center justify-between w-4/5 max-w-6xl py-10">
  <div class="w-28 lg:w-36"><img class="w-full" alt="logo" src=""></div>
  <div class="flex">
    <ul class="flex list-none">
      <link-stub title="Credenciais" to="Credentials"></link-stub>
      <link-stub title="Feedbacks" to="Feedbacks"></link-stub>
      <li id="logout-button" class="px-6 py-2 font-bold bg-white rounded-full cursor-pointer text-brand-main focus:outline-none">...</li>
    </ul>
  </div>
</div>
`;
